---
source: src/app.rs
expression: content
---
"┌ ls · every 1m ─────────────────────────────────────────────────────────────────────── 12:00:00 · Word diff ┐┌ History (1/10) ────────────┐"
"│  Cargo.lock                                                                                                ││▸ Latest   12:00:00       ✓ │"
"│  Cargo.toml                                                                                                ││  0.0s · first run          │"
"│  dist-workspace.toml                                                                                       ││                            │"
"│  docs                                                                                                      ││                            │"
"│  README.md                                                                                                 ││                            │"
"│  rustfmt.toml                                                                                              ││                            │"
"│  src                                                                                                       ││                            │"
"│  target                                                                                                    ││                            │"
"│  tests                                                                                                     ││                            │"
"│                                                                                                            ││                            │"
"│                                                                                                            ││                            │"
"│                                                                                                            ││                            │"
"│                                                                                                            ││                            │"
"│                                                                                                            ││                            │"
"│                                                                                                            ││                            │"
"│                                                                                                            ││                            │"
"│                                                                                                            ││                            │"
"│                                                                                                            ││                            │"
"│                                                                                                            ││                            │"
"│                                                                                                            ││                            │"
"│                                                                                                            ││                            │"
"│                                                                                                            ││                            │"
"│                                                                                                            ││                            │"
"│                                                                                                            ││                            │"
"│                                                                                                            ││                            │"
"│                                                                                                            ││                            │"
"│                                                                                                            ││                            │"
"│                                                                                                            ││                            │"
"│                                                                                                            ││                            │"
"│                                                                                                            ││                            │"
"│                                                                                                            ││                            │"
"│                                                                                                            ││                            │"
"│                                                                                                            ││                            │"
"│                                                                                                            ││                            │"
"│                                                                                                            ││                            │"
"│                                                                                                            ││                            │"
"│                                                                                                            ││                            │"
"└ ↑↓ select run · ← output · tab diff · / search · esc back ─────────────────────────────────────────────────┘└────────────────────────────┘"
" Observe                                                                                                           ?-Help q/esc - Quit/Back "
