---
source: src/app.rs
expression: content
---
"┌────────────────────────────────────────────────────────────────────────────────────────────────────── SEARCH ┐┌History───────────────────┐"
"│ /                                                                                                            ││Latest                    │"
"└──────────────────────────────────────────────────────────────────────────────────────────────────────────────┘│                          │"
"┌──────────────────────────────────────────────────────────────────────────────────────────────────────────────┐│                          │"
"│  Cargo.lock                                                                                                  ││                          │"
"│  Cargo.toml                                                                                                  ││                          │"
"│  dist-workspace.toml                                                                                         ││                          │"
"│  docs                                                                                                        ││                          │"
"│  README.md                                                                                                   ││                          │"
"│  rustfmt.toml                                                                                                ││                          │"
"│  src                                                                                                         ││                          │"
"│  target                                                                                                      ││                          │"
"│  tests                                                                                                       ││                          │"
"│                                                                                                              ││                          │"
"│                                                                                                              ││                          │"
"│                                                                                                              ││                          │"
"│                                                                                                              ││                          │"
"│                                                                                                              ││                          │"
"│                                                                                                              ││                          │"
"│                                                                                                              ││                          │"
"│                                                                                                              ││                          │"
"│                                                                                                              ││                          │"
"│                                                                                                              ││                          │"
"│                                                                                                              ││                          │"
"│                                                                                                              ││                          │"
"│                                                                                                              ││                          │"
"│                                                                                                              ││                          │"
"│                                                                                                              ││                          │"
"│                                                                                                              ││                          │"
"│                                                                                                              ││                          │"
"│                                                                                                              ││                          │"
"│                                                                                                              ││                          │"
"│                                                                                                              ││                          │"
"│                                                                                                              ││                          │"
"│                                                                                                              ││                          │"
"│                                                                                                              ││                          │"
"│                                                                                                              ││                          │"
"│                                                                                                              ││                          │"
"└──────────────────────────────────────────────────────────────────────────────────────────────────────────────┘└──────────────────────────┘"
" Observe -> Char <tab> - cycle                                                                                     ?-Help q/esc - Quit/Back "
