---
source: src/app.rs
expression: content
---
"┌──────────────────────────────────────────────────────────────────────────────────────────────────────────────────────────────────────────┐"
"│                                                                                                                                          │"
"│    1 Cargo.lockCargo.tomldist-workspace.tomldocsREADME.mdrustfmt.tomlsrctargettests                                                      │"
"│                                                                                                                                          │"
"│                                                                                                                                          │"
"│                                                                                                                                          │"
"│                                                                                                                                          │"
"│                                                                                                                                          │"
"│                                                                                                                                          │"
"│                                                                                                                                          │"
"│                                                                                                                                          │"
"│                                                                                                                                          │"
"│                                                                                                                                          │"
"│                                                                                                                                          │"
"│                                                                                                                                          │"
"│                                                                                                                                          │"
"│                                                                                                                                          │"
"│                                                                                                                                          │"
"│                                                                                                                                          │"
"└──────────────────────────────────────────────────────────────────────────────────────────────────────────────────────────────────────────┘"
"┌─────────────────────────────────┐┌───────────────────────────────────────────────────────────────────────────────────────────────────────┐"
"│                                 ││                                                                                                       │"
"│ test                            ││ Cargo.lock                                                                                            │"
"│                                 ││ Cargo.toml                                                                                            │"
"│                                 ││ dist-workspace.toml                                                                                   │"
"│                                 ││ docs                                                                                                  │"
"│                                 ││ README.md                                                                                             │"
"│                                 ││ rustfmt.toml                                                                                          │"
"│                                 ││ src                                                                                                   │"
"│                                 ││ target                                                                                                │"
"│                                 ││ tests                                                                                                 │"
"│                                 ││                                                                                                       │"
"│                                 ││                                                                                                       │"
"│                                 ││                                                                                                       │"
"│                                 ││                                                                                                       │"
"│                                 ││                                                                                                       │"
"│                                 ││                                                                                                       │"
"│                                 ││                                                                                                       │"
"└─────────────────────────────────┘└───────────────────────────────────────────────────────────────────────────────────────────────────────┘"
" Normal                                                                                                            ?-Help q/esc - Quit/Back "
