---
source: src/app.rs
expression: content
---
"┌Every 0s:┌ Help ────────────────────────────────────────────────────────────────────────────────────────────────────────────────┐─────────┐"
"│         │ /  press / to filter settings and keys                                                                               │         │"
"│ N/A     │ Settings                                                                                                             │         │"
"│         │ Interval           5s             Timeout            1m             Max history        10                            │         │"
"│         │ Default display    RawText        Wrap               on             Zen                off                           │         │"
"│         │ Beep               off            Exit on error      off            Exit on change     off                           │         │"
"│         │ Log level          off            Theme              system         Collapse borders   off                           │         │"
"│         │ Show state         off            Show last updated  off            Show display type  on                            │         │"
"│         │ Show history meter on             Show status bar    on             Inline deletions   off                           │         │"
"│         │ Sessions           ~/.config/pane/sessions                                                                           │         │"
"│         │ Logs               ~/.config/pane/logs                                                                               │         │"
"│         │                                                                                                                      │         │"
"│         │ Keys                                                                                                                 │         │"
"│         │ GLOBAL                               NORMAL                               COMMAND EDIT                               │         │"
"│         │ Enter    confirm                     Tab      cycle                       Tab      tab complete                      │         │"
"│         │ Tab      cycle                       c        enter cmd mode                                                         │         │"
"│         │ Esc      escape                      Shift-d  enter display select mode   OBSERVE                                    │         │"
"│         │ Down     move down                   ?        enter help mode             n        next match                        │         │"
"│         │ Left     move left                   o        enter observe mode          Shift-n  prev match                        │         │"
"│         │ Right    move right                  Shift-l  enter session load mode     Shift-g  scroll bottom                     │         │"
"│         │ Up       move up                     Shift-s  enter session save mode     g        scroll top                        │         │"
"│         │ q        quit                        Space    execute                     /        search                            │         │"
"│         │                                      d        interval decrease           w        wrap toggle                       │         │"
"│         │ SESSION LOAD                         i        interval increase                                                      │         │"
"│         │ Ctrl-d   delete                      x        kill pane                   HELP                                       │         │"
"│         │ Ctrl-r   rename                      l        load latest session         Shift-g  scroll bottom                     │         │"
"│         │                                      <        pane decrease horizontal    g        scroll top                        │         │"
"│         │                                      Hyphen   pane decrease vertical      /        search                            │         │"
"│         │                                      >        pane increase horizontal                                               │         │"
"│         │                                      +        pane increase vertical                                                 │         │"
"│         │                                      p        pause                                                                  │         │"
"│         │                                      r        resume                                                                 │         │"
"│         │                                      s        save session                                                           │         │"
"│         │                                      h        split horizontal                                                       │         │"
"│         │                                      v        split vertical                                                         │         │"
"│         │                                      w        wrap toggle                                                            │         │"
"│         │                                      z        zen toggle                                                             │         │"
"│         │                                                                                                                      │         │"
"└─────────│ ↑↓ scroll · g/G top/bottom · / filter · esc close                                                                    │──────N/A┘"
" Help     └──────────────────────────────────────────────────────────────────────────────────────────────────────────────────────┘Quit/Back "
