---
source: src/app.rs
expression: content
---
"┌Every 0s:┌ Help ────────────────────────────────────────────────────────────────────────────────────────────────────────────────┐─────────┐"
"│         │ /  press / to filter settings and keys                                                                               │         │"
"│ N/A     │ Log level          off            Theme              system         Collapse borders   off                           │         │"
"│         │ Show state         off            Show last updated  off            Show display type  on                           ▴│         │"
"│         │ Show history meter on             Show status bar    on             Inline deletions   off                          ░│         │"
"│         │ Sessions           ~/.config/pane/sessions                                                                          ░│         │"
"│         │ Logs               ~/.config/pane/logs                                                                              ░│         │"
"│         │                                                                                                                     █│         │"
"│         │ Keys                                                                                                                █│         │"
"│         │ GLOBAL                                   NORMAL                                                                     █│         │"
"│         │ Enter        confirm                     Tab          cycle                                                         █│         │"
"│         │ Tab          cycle                       c            enter cmd mode                                                █│         │"
"│         │ Esc          escape                      Shift-d      enter display select mode                                     █│         │"
"│         │ Down         move down                   ?            enter help mode                                               █│         │"
"│         │ Left         move left                   o            enter observe mode                                            █│         │"
"│         │ Right        move right                  Shift-l      enter session load mode                                       █│         │"
"│         │ Up           move up                     Shift-s      enter session save mode                                       █│         │"
"│         │ q            quit                        =            equalize panes                                                █│         │"
"│         │                                          Space        execute                                                       █│         │"
"│         │ COMMAND EDIT                             d            interval decrease                                             █│         │"
"│         │ Tab          tab complete                i            interval increase                                             █│         │"
"│         │                                          x            kill pane                                                     █│         │"
"│         │ OBSERVE                                  l            load latest session                                           █│         │"
"│         │ n            next match                  <            pane decrease horizontal                                      █│         │"
"│         │ Shift-n      prev match                  Hyphen       pane decrease vertical                                        █│         │"
"│         │ Shift-g      scroll bottom               >            pane increase horizontal                                      █│         │"
"│         │ g            scroll top                  +            pane increase vertical                                        █│         │"
"│         │ /            search                      p            pause                                                         █│         │"
"│         │ w            wrap toggle                 Shift-Down   resize down                                                   █│         │"
"│         │                                          Shift-Left   resize left                                                   █│         │"
"│         │ SESSION LOAD                             Shift-Right  resize right                                                  █│         │"
"│         │ Ctrl-d       delete                      Shift-Up     resize up                                                     █│         │"
"│         │ Ctrl-r       rename                      r            resume                                                        █│         │"
"│         │                                          s            save session                                                  █│         │"
"│         │ HELP                                     h            split horizontal                                              █│         │"
"│         │ Shift-g      scroll bottom               v            split vertical                                                █│         │"
"│         │ g            scroll top                  w            wrap toggle                                                   ▾│         │"
"│         │ /            search                      z            zen toggle                                                     │         │"
"└─────────│ ↑↓ scroll · g/G top/bottom · / filter · esc close                                                                    │──────N/A┘"
" Help     └──────────────────────────────────────────────────────────────────────────────────────────────────────────────────────┘Quit/Back "
