---
source: src/app.rs
expression: content
---
"┌──────────────────────────────────────────────────────────────────────────────────────────────────── Search ┐┌ History (1) ───────────────┐"
"│ /                                                                                                          ││▸ 12:00:00  ✓   0.0s        │"
"└────────────────────────────────────────────────────────────────────────────────────────────────────────────┘│                            │"
"┌ ls · every 1m ─────────────────────────────────────────────────────────────────────── 12:00:00 · Word diff ┐│                            │"
"│  Cargo.lock                                                                                                ││                            │"
"│  Cargo.toml                                                                                                ││                            │"
"│  dist-workspace.toml                                                                                       ││                            │"
"│  docs                                                                                                      ││                            │"
"│  README.md                                                                                                 ││                            │"
"│  rustfmt.toml                                                                                              ││                            │"
"│  src                                                                                                       ││                            │"
"│  target                                                                                                    ││                            │"
"│  tests                                                                                                     ││                            │"
"│                                                                                                            ││                            │"
"│                                                                                                            ││                            │"
"│                                                                                                            ││                            │"
"│                                                                                                            ││                            │"
"│                                                                                                            ││                            │"
"│                                                                                                            ││                            │"
"│                                                                                                            ││                            │"
"│                                                                                                            ││                            │"
"│                                                                                                            ││                            │"
"│                                                                                                            ││                            │"
"│                                                                                                            ││                            │"
"│                                                                                                            ││                            │"
"│                                                                                                            ││                            │"
"│                                                                                                            ││                            │"
"│                                                                                                            ││                            │"
"│                                                                                                            ││                            │"
"│                                                                                                            ││                            │"
"│                                                                                                            ││                            │"
"│                                                                                                            ││                            │"
"│                                                                                                            ││                            │"
"│                                                                                                            ││                            │"
"│                                                                                                            ││                            │"
"│                                                                                                            ││                            │"
"│                                                                                                            ││                            │"
"│                                                                                                            ││                            │"
"└────────────────────────────────────────────────────────────────────────────────────────────────────────────┘└────────────────────────────┘"
" Observe -> Word <tab> - cycle                                                                                     ?-Help q/esc - Quit/Back "
